// Jest Snapshot v1, https://goo.gl/fbAQLP

exports[`<Lines /> lines match the snapshot 1`] = `
<Provider
  store={
    Object {
      "clearActions": [Function],
      "dispatch": [Function],
      "getActions": [Function],
      "getState": [Function],
      "replaceReducer": [Function],
      "subscribe": [Function],
    }
  }
>
  <Connect(Lines)>
    <Lines
      addLineAction={[Function]}
      deleteLineAction={[Function]}
      lines={
        Array [
          Object {
            "id": 0,
            "name": "redux line",
          },
          Object {
            "id": 1,
            "name": "react line",
          },
          Object {
            "id": 2,
            "name": "immutable line",
          },
        ]
      }
    >
      <div>
        <div>
          <div>
            <span>
              v 
              TEST
            </span>
          </div>
          <h2>
             Lines application (Massive Attack inspired)
          </h2>
          <div>
            <input
              onChange={[Function]}
              value=""
            />
            <button
              className="btn third"
              onClick={[Function]}
            >
              Add Line
            </button>
          </div>
          <div>
            <OneLine
              key="0"
              line={
                Object {
                  "id": 0,
                  "name": "redux line",
                }
              }
              onDeleteLine={[Function]}
            >
              <div>
                <span>
                  redux line
                </span>
                <i
                  className="material-icons md-24"
                  onClick={[Function]}
                >
                  clear
                </i>
              </div>
            </OneLine>
            <OneLine
              key="1"
              line={
                Object {
                  "id": 1,
                  "name": "react line",
                }
              }
              onDeleteLine={[Function]}
            >
              <div>
                <span>
                  react line
                </span>
                <i
                  className="material-icons md-24"
                  onClick={[Function]}
                >
                  clear
                </i>
              </div>
            </OneLine>
            <OneLine
              key="2"
              line={
                Object {
                  "id": 2,
                  "name": "immutable line",
                }
              }
              onDeleteLine={[Function]}
            >
              <div>
                <span>
                  immutable line
                </span>
                <i
                  className="material-icons md-24"
                  onClick={[Function]}
                >
                  clear
                </i>
              </div>
            </OneLine>
          </div>
        </div>
      </div>
    </Lines>
  </Connect(Lines)>
</Provider>
`;
